../Core/Src/main.c:93:6:HAL_FDCAN_RxFifo0Callback	4
../Core/Src/main.c:115:6:HAL_TIM_PeriodElapsedCallback	5
../Core/Src/main.c:142:6:HAL_GPIO_EXTI_Rising_Callback	3
../Core/Src/main.c:161:13:stepper_start	2
../Core/Src/main.c:170:6:stepper_forward	1
../Core/Src/main.c:174:6:stepper_backward	1
../Core/Src/main.c:178:6:stepper_turn_left	1
../Core/Src/main.c:182:6:stepper_turn_right	1
../Core/Src/main.c:186:6:stepper_stop	1
../Core/Src/main.c:193:6:stepper_run	6
../Core/Src/main.c:221:13:canRxTask	6
../Core/Src/main.c:265:13:emergencyHandlerTask	2
../Core/Src/main.c:290:13:gpioTask	1
../Core/Src/main.c:301:13:mpuTask	4
../Core/Src/main.c:370:13:stepperTask	2
../Core/Src/main.c:399:5:main	4
../Core/Src/main.c:456:13:MX_FDCAN1_Init	2
../Core/Src/main.c:482:13:MX_TIM2_Init	2
../Core/Src/main.c:498:13:MX_I2C1_Init	4
../Core/Src/main.c:519:13:MX_GPIO_Init	1
../Core/Src/main.c:578:6:SystemClock_Config	4
../Core/Src/main.c:615:6:Error_Handler	1
