../Core/Src/main.c:93:6:HAL_FDCAN_RxFifo0Callback	72	static
../Core/Src/main.c:115:6:HAL_TIM_PeriodElapsedCallback	24	static
../Core/Src/main.c:142:6:HAL_GPIO_EXTI_Rising_Callback	24	static
../Core/Src/main.c:161:13:stepper_start	24	static
../Core/Src/main.c:170:6:stepper_forward	16	static
../Core/Src/main.c:174:6:stepper_backward	16	static
../Core/Src/main.c:178:6:stepper_turn_left	16	static
../Core/Src/main.c:182:6:stepper_turn_right	16	static
../Core/Src/main.c:186:6:stepper_stop	8	static
../Core/Src/main.c:193:6:stepper_run	24	static
../Core/Src/main.c:221:13:canRxTask	32	static
../Core/Src/main.c:265:13:emergencyHandlerTask	24	static
../Core/Src/main.c:290:13:gpioTask	16	static
../Core/Src/main.c:301:13:mpuTask	160	static
../Core/Src/main.c:370:13:stepperTask	24	static
../Core/Src/main.c:399:5:main	40	static
../Core/Src/main.c:456:13:MX_FDCAN1_Init	8	static
../Core/Src/main.c:482:13:MX_TIM2_Init	24	static
../Core/Src/main.c:498:13:MX_I2C1_Init	8	static
../Core/Src/main.c:519:13:MX_GPIO_Init	40	static
../Core/Src/main.c:578:6:SystemClock_Config	120	static
../Core/Src/main.c:615:6:Error_Handler	4	static,ignoring_inline_asm
