../Core/Src/stm32h5xx_it.c:61:6:NMI_Handler	4	static
../Core/Src/stm32h5xx_it.c:74:6:HardFault_Handler	4	static
../Core/Src/stm32h5xx_it.c:87:6:MemManage_Handler	4	static
../Core/Src/stm32h5xx_it.c:100:6:BusFault_Handler	4	static
../Core/Src/stm32h5xx_it.c:113:6:UsageFault_Handler	4	static
../Core/Src/stm32h5xx_it.c:126:6:DebugMon_Handler	4	static
../Core/Src/stm32h5xx_it.c:145:6:FDCAN1_IT0_IRQHandler	8	static
../Core/Src/stm32h5xx_it.c:158:6:TIM2_IRQHandler	8	static
../Core/Src/stm32h5xx_it.c:169:6:EXTI2_IRQHandler	8	static
