../Core/Src/main.c:130:6:HAL_FDCAN_RxFifo0Callback	80	static
../Core/Src/main.c:147:6:HAL_FDCAN_ErrorCallback	16	static
../Core/Src/main.c:163:6:HAL_TIM_PeriodElapsedCallback	24	static
../Core/Src/main.c:213:6:HAL_GPIO_EXTI_Rising_Callback	24	static
../Core/Src/main.c:224:26:can_tx	64	static
../Core/Src/main.c:256:13:stepper1_start	16	static
../Core/Src/main.c:264:13:stepper1_stop	8	static
../Core/Src/main.c:268:13:stepper2_start	16	static
../Core/Src/main.c:276:13:stepper2_stop	8	static
../Core/Src/main.c:281:13:send_odometry	56	static
../Core/Src/main.c:298:13:ledTask	16	static
../Core/Src/main.c:309:13:bmi160Task	48	static
../Core/Src/main.c:381:13:imuTxTask	56	static
../Core/Src/main.c:429:13:stepperTask1	88	static
../Core/Src/main.c:531:13:stepperTask2	56	static
../Core/Src/main.c:591:13:canRxTask	64	static
../Core/Src/main.c:637:5:main	40	static
../Core/Src/main.c:705:13:MX_TIM2_Init	24	static
../Core/Src/main.c:717:13:MX_TIM3_Init	24	static
../Core/Src/main.c:729:13:MX_FDCAN1_Init	8	static
../Core/Src/main.c:752:13:MX_I2C1_Init	8	static
../Core/Src/main.c:770:13:MX_GPIO_Init	40	static
../Core/Src/main.c:828:6:SystemClock_Config	120	static
../Core/Src/main.c:865:6:Error_Handler	4	static,ignoring_inline_asm
