../Core/Src/main.c:130:6:HAL_FDCAN_RxFifo0Callback	5
../Core/Src/main.c:147:6:HAL_FDCAN_ErrorCallback	2
../Core/Src/main.c:163:6:HAL_TIM_PeriodElapsedCallback	17
../Core/Src/main.c:213:6:HAL_GPIO_EXTI_Rising_Callback	4
../Core/Src/main.c:224:26:can_tx	4
../Core/Src/main.c:256:13:stepper1_start	1
../Core/Src/main.c:264:13:stepper1_stop	1
../Core/Src/main.c:268:13:stepper2_start	1
../Core/Src/main.c:276:13:stepper2_stop	1
../Core/Src/main.c:281:13:send_odometry	5
../Core/Src/main.c:298:13:ledTask	1
../Core/Src/main.c:309:13:bmi160Task	9
../Core/Src/main.c:381:13:imuTxTask	4
../Core/Src/main.c:429:13:stepperTask1	36
../Core/Src/main.c:531:13:stepperTask2	17
../Core/Src/main.c:591:13:canRxTask	12
../Core/Src/main.c:637:5:main	4
../Core/Src/main.c:705:13:MX_TIM2_Init	2
../Core/Src/main.c:717:13:MX_TIM3_Init	2
../Core/Src/main.c:729:13:MX_FDCAN1_Init	2
../Core/Src/main.c:752:13:MX_I2C1_Init	4
../Core/Src/main.c:770:13:MX_GPIO_Init	1
../Core/Src/main.c:828:6:SystemClock_Config	4
../Core/Src/main.c:865:6:Error_Handler	1
