../Core/Src/testStepper.c:70:6:HAL_TIM_PeriodElapsedCallback	9
../Core/Src/testStepper.c:122:13:MX_TIM2_Init	2
../Core/Src/testStepper.c:134:13:stepper1_run	2
../Core/Src/testStepper.c:144:13:stepper1_stop	1
../Core/Src/testStepper.c:154:13:MX_TIM3_Init	2
../Core/Src/testStepper.c:166:13:stepper2_run	2
../Core/Src/testStepper.c:176:13:stepper2_stop	1
../Core/Src/testStepper.c:189:13:stepperTask1	1
../Core/Src/testStepper.c:206:13:stepperTask2	1
../Core/Src/testStepper.c:221:13:blinkTask	1
../Core/Src/testStepper.c:235:13:MX_GPIO_Init	1
../Core/Src/testStepper.c:264:5:main	1
../Core/Src/testStepper.c:293:6:SystemClock_Config	4
../Core/Src/testStepper.c:330:6:Error_Handler	1
