../Core/Src/main.c:90:6:HAL_FDCAN_TxFifoEmptyCallback	24	static
../Core/Src/main.c:102:6:HAL_TIM_OC_DelayElapsedCallback	24	static
../Core/Src/main.c:135:6:HAL_TIM_IC_CaptureCallback	24	static
../Core/Src/main.c:162:13:ultrasonicTask	32	static
../Core/Src/main.c:199:13:obstacleAnalysisTask	32	static
../Core/Src/main.c:243:13:emergencyStopTask	80	static
../Core/Src/main.c:297:13:canTxTask	64	static
../Core/Src/main.c:336:13:gpioTask	16	static
../Core/Src/main.c:347:5:main	16	static
../Core/Src/main.c:396:13:MX_FDCAN1_Init	8	static
../Core/Src/main.c:422:13:MX_TIM2_Init	56	static
../Core/Src/main.c:457:13:MX_GPIO_Init	40	static
../Core/Src/main.c:508:6:SystemClock_Config	120	static
../Core/Src/main.c:545:6:Error_Handler	4	static,ignoring_inline_asm
