../Core/Src/main.c:90:6:HAL_FDCAN_TxFifoEmptyCallback	3
../Core/Src/main.c:102:6:HAL_TIM_OC_DelayElapsedCallback	5
../Core/Src/main.c:135:6:HAL_TIM_IC_CaptureCallback	5
../Core/Src/main.c:162:13:ultrasonicTask	4
../Core/Src/main.c:199:13:obstacleAnalysisTask	5
../Core/Src/main.c:243:13:emergencyStopTask	3
../Core/Src/main.c:297:13:canTxTask	2
../Core/Src/main.c:336:13:gpioTask	1
../Core/Src/main.c:347:5:main	2
../Core/Src/main.c:396:13:MX_FDCAN1_Init	2
../Core/Src/main.c:422:13:MX_TIM2_Init	4
../Core/Src/main.c:457:13:MX_GPIO_Init	1
../Core/Src/main.c:508:6:SystemClock_Config	4
../Core/Src/main.c:545:6:Error_Handler	1
