../Drivers/CMSIS/Include/core_cm33.h:3212:26:ITM_SendChar	16	static,ignoring_inline_asm
../Core/Src/syscalls.c:41:6:initialise_monitor_handles	4	static
../Core/Src/syscalls.c:44:5:_getpid	4	static
../Core/Src/syscalls.c:48:5:_kill	16	static
../Core/Src/syscalls.c:55:6:_exit	16	static
../Core/Src/syscalls.c:61:27:_read	32	static
../Core/Src/syscalls.c:72:27:_write	32	static
../Core/Src/syscalls.c:80:5:_close	16	static
../Core/Src/syscalls.c:85:5:_fstat	16	static
../Core/Src/syscalls.c:91:5:_isatty	16	static
../Core/Src/syscalls.c:96:5:_lseek	24	static
../Core/Src/syscalls.c:103:5:_open	12	static
../Core/Src/syscalls.c:110:5:_wait	16	static
../Core/Src/syscalls.c:116:5:_unlink	16	static
../Core/Src/syscalls.c:122:5:_times	16	static
../Core/Src/syscalls.c:127:5:_stat	16	static
../Core/Src/syscalls.c:133:5:_link	16	static
../Core/Src/syscalls.c:140:5:_fork	8	static
../Core/Src/syscalls.c:145:5:_execve	24	static
