../Core/Src/testCan.c:53:6:HAL_FDCAN_RxFifo0Callback	80	static
../Core/Src/testCan.c:81:6:HAL_FDCAN_ErrorCallback	16	static
../Core/Src/testCan.c:89:13:canTxTask	64	static
../Core/Src/testCan.c:126:13:canRxTask	48	static
../Core/Src/testCan.c:156:13:dbgTask	88	static
../Core/Src/testCan.c:191:13:ledTask	16	static
../Core/Src/testCan.c:202:13:MX_FDCAN1_Init	8	static
../Core/Src/testCan.c:228:13:MX_GPIO_Init	40	static
../Core/Src/testCan.c:258:5:main	40	static
../Core/Src/testCan.c:317:6:SystemClock_Config	120	static
../Core/Src/testCan.c:355:6:Error_Handler	4	static,ignoring_inline_asm
